#-----------------------------------------------------------
# Vivado v2016.4 (64-bit)
# SW Build 1756540 on Mon Jan 23 19:11:23 MST 2017
# IP Build 1755317 on Mon Jan 23 20:30:07 MST 2017
# Start of session at: Tue Jun 20 15:09:48 2017
# Process ID: 1448
# Current directory: C:/Users/Gonzalo/Desktop/1-FPGA/github/mipsfpga_plus/MipsFpgaPlusVivado
# Command line: vivado.exe -gui_launcher_event rodinguilauncherevent7400 C:\Users\Gonzalo\Desktop\1-FPGA\github\mipsfpga_plus\MipsFpgaPlusVivado\MipsFpgaPlusVivado.xpr
# Log file: C:/Users/Gonzalo/Desktop/1-FPGA/github/mipsfpga_plus/MipsFpgaPlusVivado/vivado.log
# Journal file: C:/Users/Gonzalo/Desktop/1-FPGA/github/mipsfpga_plus/MipsFpgaPlusVivado\vivado.jou
#-----------------------------------------------------------
start_gui
open_project C:/Users/Gonzalo/Desktop/1-FPGA/github/mipsfpga_plus/MipsFpgaPlusVivado/MipsFpgaPlusVivado.xpr
close_project
create_project project_1 C:/Users/Gonzalo/Desktop/Lab6_PS2_VGA_reference/project_1 -part xc7a100tcsg324-1
add_files -norecurse C:/Users/Gonzalo/Desktop/Lab6_PS2_VGA_reference/lab_6.v
add_files -norecurse {C:/Users/Gonzalo/Desktop/Lab6_PS2_VGA_reference/kbd_ms.v C:/Users/Gonzalo/Desktop/Lab6_PS2_VGA_reference/driver_vga.v C:/Users/Gonzalo/Desktop/Lab6_PS2_VGA_reference/video_testpattern.v C:/Users/Gonzalo/Desktop/Lab6_PS2_VGA_reference/hello_world.v C:/Users/Gonzalo/Desktop/Lab6_PS2_VGA_reference/lab_6.v C:/Users/Gonzalo/Desktop/Lab6_PS2_VGA_reference/characters.v C:/Users/Gonzalo/Desktop/Lab6_PS2_VGA_reference/templates.v C:/Users/Gonzalo/Desktop/Lab6_PS2_VGA_reference/test_pattern_previo.v}
create_ip -name clk_wiz -vendor xilinx.com -library ip -version 5.3 -module_name clk_wiz_0 -dir c:/Users/Gonzalo/Desktop/Lab6_PS2_VGA_reference/project_1/project_1.srcs/sources_1/ip
set_property -dict [list CONFIG.CLKOUT1_REQUESTED_OUT_FREQ {82} CONFIG.MMCM_DIVCLK_DIVIDE {1} CONFIG.MMCM_CLKFBOUT_MULT_F {10.250} CONFIG.MMCM_CLKOUT0_DIVIDE_F {12.500} CONFIG.CLKOUT1_JITTER {133.865} CONFIG.CLKOUT1_PHASE_ERROR {96.739}] [get_ips clk_wiz_0]
generate_target {instantiation_template} [get_files c:/Users/Gonzalo/Desktop/Lab6_PS2_VGA_reference/project_1/project_1.srcs/sources_1/ip/clk_wiz_0/clk_wiz_0.xci]
generate_target all [get_files  c:/Users/Gonzalo/Desktop/Lab6_PS2_VGA_reference/project_1/project_1.srcs/sources_1/ip/clk_wiz_0/clk_wiz_0.xci]
export_ip_user_files -of_objects [get_files c:/Users/Gonzalo/Desktop/Lab6_PS2_VGA_reference/project_1/project_1.srcs/sources_1/ip/clk_wiz_0/clk_wiz_0.xci] -no_script -sync -force -quiet
create_ip_run [get_files -of_objects [get_fileset sources_1] c:/Users/Gonzalo/Desktop/Lab6_PS2_VGA_reference/project_1/project_1.srcs/sources_1/ip/clk_wiz_0/clk_wiz_0.xci]
launch_runs -jobs 2 clk_wiz_0_synth_1
export_simulation -of_objects [get_files c:/Users/Gonzalo/Desktop/Lab6_PS2_VGA_reference/project_1/project_1.srcs/sources_1/ip/clk_wiz_0/clk_wiz_0.xci] -directory C:/Users/Gonzalo/Desktop/Lab6_PS2_VGA_reference/project_1/project_1.ip_user_files/sim_scripts -ip_user_files_dir C:/Users/Gonzalo/Desktop/Lab6_PS2_VGA_reference/project_1/project_1.ip_user_files -ipstatic_source_dir C:/Users/Gonzalo/Desktop/Lab6_PS2_VGA_reference/project_1/project_1.ip_user_files/ipstatic -lib_map_path [list {modelsim=C:/Users/Gonzalo/Desktop/Lab6_PS2_VGA_reference/project_1/project_1.cache/compile_simlib/modelsim} {questa=C:/Users/Gonzalo/Desktop/Lab6_PS2_VGA_reference/project_1/project_1.cache/compile_simlib/questa} {riviera=C:/Users/Gonzalo/Desktop/Lab6_PS2_VGA_reference/project_1/project_1.cache/compile_simlib/riviera} {activehdl=C:/Users/Gonzalo/Desktop/Lab6_PS2_VGA_reference/project_1/project_1.cache/compile_simlib/activehdl}] -use_ip_compiled_libs -force -quiet
launch_runs synth_1 -jobs 2
wait_on_run synth_1
reset_run synth_1
launch_runs synth_1 -jobs 2
wait_on_run synth_1
add_files -fileset constrs_1 -norecurse C:/Users/Gonzalo/Desktop/Lab6_PS2_VGA_reference/UART_master_endpoint_constraints.xdc
reset_run synth_1
launch_runs impl_1 -to_step write_bitstream -jobs 2
wait_on_run impl_1
open_hw
connect_hw_server
open_hw_target
set_property PROGRAM.FILE {C:/Users/Gonzalo/Desktop/Lab6_PS2_VGA_reference/project_1/project_1.runs/impl_1/lab_6.bit} [lindex [get_hw_devices xc7a100t_0] 0]
current_hw_device [lindex [get_hw_devices xc7a100t_0] 0]
refresh_hw_device -update_hw_probes false [lindex [get_hw_devices xc7a100t_0] 0]
set_property PROBES.FILE {} [lindex [get_hw_devices xc7a100t_0] 0]
set_property PROGRAM.FILE {C:/Users/Gonzalo/Desktop/Lab6_PS2_VGA_reference/project_1/project_1.runs/impl_1/lab_6.bit} [lindex [get_hw_devices xc7a100t_0] 0]
program_hw_devices [lindex [get_hw_devices xc7a100t_0] 0]
refresh_hw_device [lindex [get_hw_devices xc7a100t_0] 0]
